
 RUN  v4.1.10 /home/nasrul/dev/learning/top/projects/blog-client

stderr | src/tests/pages/CreatePost/createPost.test.tsx > CreatePost page component > Post Creation Workflow (Publish) > should submit with HIDDEN state when user selects Hidden from dropdown
CREATE POST SPY CALLS: 1
FormData entries: [
  [ 'title', 'Internal API Specifications and RFCs' ],
  [
    'description',
    'Private documentation regarding our backend endpoints.'
  ],
  [
    'content',
    '# Internal RFC\n\nDetailed specifications for backend services.'
  ],
  [ 'state', 'HIDDEN' ],
  [ 'postImage', File {} ]
]

 ❯ src/tests/pages/CreatePost/createPost.test.tsx (12 tests | 1 failed | 11 skipped) 2445ms
       ↓ should render all form input fields, options, and actions in create mode
       ↓ should prevent submission and display validation errors when publishing with empty fields
       ↓ should display error and prevent submission when uploading an unsupported file type
       ↓ should display error and prevent submission when uploading an image exceeding 5MB
       ↓ should successfully submit valid form data and navigate to the newly created post page
       × should submit with HIDDEN state when user selects Hidden from dropdown 2423ms
       ↓ should submit successfully when cover image is uploaded via drag and drop
       ↓ should submit with state forced to DRAFT and navigate when "Save draft" button is clicked
       ↓ should include uploaded image in draft submission when an image is attached
       ↓ should disable action buttons and show loading spinners while creation mutation is in flight
       ↓ should display error toast notification and stay on page when post creation fails
       ↓ should display error toast when save draft fails on server error

⎯⎯⎯⎯⎯⎯⎯ Failed Tests 1 ⎯⎯⎯⎯⎯⎯⎯

 FAIL  src/tests/pages/CreatePost/createPost.test.tsx > CreatePost page component > Post Creation Workflow (Publish) > should submit with HIDDEN state when user selects Hidden from dropdown
TestingLibraryElementError: Unable to find role="heading" and name `/post detail page/i`

Ignored nodes: comments, script, style
[36m<body>[39m
  [36m<div>[39m
    [36m<div[39m
      [33mclass[39m=[32m"w-full max-w-7xl mx-auto px-4 sm:px-6 lg:px-8 py-8 md:py-12 flex-1"[39m
    [36m>[39m
      [36m<form[39m
        [33mclass[39m=[32m"w-full"[39m
      [36m>[39m
        [36m<div[39m
          [33mclass[39m=[32m"grid grid-cols-1 lg:grid-cols-3 gap-8 items-start"[39m
        [36m>[39m
          [36m<div[39m
            [33mclass[39m=[32m"lg:col-span-2 flex flex-col gap-6"[39m
          [36m>[39m
            [36m<div[39m
              [33mclass[39m=[32m"flex flex-col gap-2"[39m
            [36m>[39m
              [36m<div[39m
                [33mclass[39m=[32m"flex items-center justify-between"[39m
              [36m>[39m
                [36m<label[39m
                  [33mclass[39m=[32m"font-paragraph text-foreground text-[12px] uppercase tracking-wider font-semibold flex items-center gap-1.5"[39m
                  [33mfor[39m=[32m"post-title"[39m
                [36m>[39m
                  [36m<svg[39m
                    [33mclass[39m=[32m"text-accent text-sm"[39m
                    [33mfill[39m=[32m"none"[39m
                    [33mheight[39m=[32m"1em"[39m
                    [33mstroke[39m=[32m"currentColor"[39m
                    [33mstroke-linecap[39m=[32m"round"[39m
                    [33mstroke-linejoin[39m=[32m"round"[39m
                    [33mstroke-width[39m=[32m"2"[39m
                    [33mviewBox[39m=[32m"0 0 24 24"[39m
                    [33mwidth[39m=[32m"1em"[39m
                    [33mxmlns[39m=[32m"http://www.w3.org/2000/svg"[39m
                  [36m>[39m
                    [36m<polyline[39m
                      [33mpoints[39m=[32m"4 7 4 4 20 4 20 7"[39m
                    [36m/>[39m
                    [36m<line[39m
                      [33mx1[39m=[32m"9"[39m
                      [33mx2[39m=[32m"15"[39m
                      [33my1[39m=[32m"20"[39m
                      [33my2[39m=[32m"20"[39m
                    [36m/>[39m
                    [36m<line[39m
                      [33mx1[39m=[32m"12"[39m
                      [33mx2[39m=[32m"12"[39m
                      [33my1[39m=[32m"4"[39m
                      [33my2[39m=[32m"20"[39m
                    [36m/>[39m
                  [36m</svg>[39m
                  [0mTitle [0m
                  [36m<span[39m
                    [33mclass[39m=[32m"text-accent"[39m
                  [36m>[39m
                    [0m*[0m
                  [36m</span>[39m
                [36m</label>[39m
                [36m<span[39m
                  [33mclass[39m=[32m"text-xs font-paragraph text-muted-foreground"[39m
                [36m>[39m
                  [0mRecommended: 40-70 characters[0m
                [36m</span>[39m
              [36m</div>[39m
              [36m<input[39m
                [33mclass[39m=[32m"flex w-full outline-none focus:outline-none focus-visible:outline-none disabled:cursor-not-allowed disabled:opacity-50 rounded-xs bg-input-background text-foreground border border-border placeholder:text-muted-foreground focus-visible:border-accent text-base sm:text-lg font-heading font-medium p-3 placeholder:font-paragraph placeholder:text-sm"[39m
                [33mid[39m=[32m"post-title"[39m
                [33mname[39m=[32m"title"[39m
                [33mplaceholder[39m=[32m"e.g., The Architecture of High-Scale Web Applications"[39m
                [33mtype[39m=[32m"text"[39m
              [36m/>[39m
              [36m<p[39m
                [33mclass[39m=[32m"text-xs text-muted-foreground"[39m
              [36m>[39m
                [0mA clear, engaging headline that captures the essence of your story.[0m
              [36m</p>[39m
            [36m</div>[39m
            [36m<div[39m
              [33mclass[39m=[32m"flex flex-col gap-2"[39m
            [36m>[39m
              [36m<div[39m
                [33mclass[39m=[32m"flex items-center justify-between"[39m
              [36m>[39m
                [36m<label[39m
                  [33mclass[39m=[32m"font-paragraph text-foreground uppercase tracking-wider font-semibold text-xs flex items-center gap-1.5"[39m
                  [33mfor[39m=[32m"post-description"[39m
                [36m>[39m
                  [36m<svg[39m
                    [33mclass[39m=[32m"text-accent text-sm"[39m
                    [33mfill[39m=[32m"none"[39m
                    [33mheight[39m=[32m"1em"[39m
                    [33mstroke[39m=[32m"currentColor"[39m
                    [33mstroke-linecap[39m=[32m"round"[39m
                    [33mstroke-linejoin[39m=[32m"round"[39m
                    [33mstroke-width[39m=[32m"2"[39m
                    [33mviewBox[39m=[32m"0 0 24 24"[39m
                    [33mwidth[39m=[32m"1em"[39m
                    [33mxmlns[39m=[32m"http://www.w3.org/2000/svg"[39m
                  [36m>[39m
                    [36m<path[39m
                      [33md[39m=[32m"M15 12H3"[39m
                    [36m/>[39m
                    [36m<path[39m
                      [33md[39m=[32m"M17 18H3"[39m
                    [36m/>[39m
                    [36m<path[39m
                      [33md[39m=[32m"M21 6H3"[39m
                    [36m/>[39m
                  [36m</svg>[39m
                  [0mDescription / Excerpt [0m
                  [36m<span[39m
                    [33mclass[39m=[32m"text-accent"[39m
                  [36m>[39m
                    [0m*[0m
                  [36m</span>[39m
                [36m</label>[39m
                [36m<span[39m
                  [33mclass[39m=[32m"text-xs font-paragraph text-muted-foreground"[39m
                [36m>[39m
                  [0mRecommended: 120-160 characters[0m
                [36m</span>[39m
              [36m</div>[39m
              [36m<textarea[39m
                [33mclass[39m=[32m"flex w-full text-sm font-normal outline-none focus:outline-none focus-visible:outline-none disabled:cursor-not-allowed disabled:opacity-50 rounded-xs transition-colors duration-150 bg-input-background text-foreground p-3 border border-border placeholder:text-muted-foreground focus-visible:border-accent resize-y min-h-25 font-paragraph"[39m
                [33mid[39m=[32m"post-description"[39m
                [33mname[39m=[32m"description"[39m
                [33mplaceholder[39m=[32m"Provide a compelling summary that will entice readers to read the full article..."[39m
                [33mrows[39m=[32m"3"[39m
              [36m/>[39m
              [36m<p[39m
                [33mclass[39m=[32m"text-xs text-muted-foreground"[39m
              [36m>[39m
                [0mThis excerpt appears in post cards, search result listings, and soci...

Ignored nodes: comments, script, style
[36m<body>[39m
  [36m<div>[39m
    [36m<div[39m
      [33mclass[39m=[32m"w-full max-w-7xl mx-auto px-4 sm:px-6 lg:px-8 py-8 md:py-12 flex-1"[39m
    [36m>[39m
      [36m<form[39m
        [33mclass[39m=[32m"w-full"[39m
      [36m>[39m
        [36m<div[39m
          [33mclass[39m=[32m"grid grid-cols-1 lg:grid-cols-3 gap-8 items-start"[39m
        [36m>[39m
          [36m<div[39m
            [33mclass[39m=[32m"lg:col-span-2 flex flex-col gap-6"[39m
          [36m>[39m
            [36m<div[39m
              [33mclass[39m=[32m"flex flex-col gap-2"[39m
            [36m>[39m
              [36m<div[39m
                [33mclass[39m=[32m"flex items-center justify-between"[39m
              [36m>[39m
                [36m<label[39m
                  [33mclass[39m=[32m"font-paragraph text-foreground text-[12px] uppercase tracking-wider font-semibold flex items-center gap-1.5"[39m
                  [33mfor[39m=[32m"post-title"[39m
                [36m>[39m
                  [36m<svg[39m
                    [33mclass[39m=[32m"text-accent text-sm"[39m
                    [33mfill[39m=[32m"none"[39m
                    [33mheight[39m=[32m"1em"[39m
                    [33mstroke[39m=[32m"currentColor"[39m
                    [33mstroke-linecap[39m=[32m"round"[39m
                    [33mstroke-linejoin[39m=[32m"round"[39m
                    [33mstroke-width[39m=[32m"2"[39m
                    [33mviewBox[39m=[32m"0 0 24 24"[39m
                    [33mwidth[39m=[32m"1em"[39m
                    [33mxmlns[39m=[32m"http://www.w3.org/2000/svg"[39m
                  [36m>[39m
                    [36m<polyline[39m
                      [33mpoints[39m=[32m"4 7 4 4 20 4 20 7"[39m
                    [36m/>[39m
                    [36m<line[39m
                      [33mx1[39m=[32m"9"[39m
                      [33mx2[39m=[32m"15"[39m
                      [33my1[39m=[32m"20"[39m
                      [33my2[39m=[32m"20"[39m
                    [36m/>[39m
                    [36m<line[39m
                      [33mx1[39m=[32m"12"[39m
                      [33mx2[39m=[32m"12"[39m
                      [33my1[39m=[32m"4"[39m
                      [33my2[39m=[32m"20"[39m
                    [36m/>[39m
                  [36m</svg>[39m
                  [0mTitle [0m
                  [36m<span[39m
                    [33mclass[39m=[32m"text-accent"[39m
                  [36m>[39m
                    [0m*[0m
                  [36m</span>[39m
                [36m</label>[39m
                [36m<span[39m
                  [33mclass[39m=[32m"text-xs font-paragraph text-muted-foreground"[39m
                [36m>[39m
                  [0mRecommended: 40-70 characters[0m
                [36m</span>[39m
              [36m</div>[39m
              [36m<input[39m
                [33mclass[39m=[32m"flex w-full outline-none focus:outline-none focus-visible:outline-none disabled:cursor-not-allowed disabled:opacity-50 rounded-xs bg-input-background text-foreground border border-border placeholder:text-muted-foreground focus-visible:border-accent text-base sm:text-lg font-heading font-medium p-3 placeholder:font-paragraph placeholder:text-sm"[39m
                [33mid[39m=[32m"post-title"[39m
                [33mname[39m=[32m"title"[39m
                [33mplaceholder[39m=[32m"e.g., The Architecture of High-Scale Web Applications"[39m
                [33mtype[39m=[32m"text"[39m
              [36m/>[39m
              [36m<p[39m
                [33mclass[39m=[32m"text-xs text-muted-foreground"[39m
              [36m>[39m
                [0mA clear, engaging headline that captures the essence of your story.[0m
              [36m</p>[39m
            [36m</div>[39m
            [36m<div[39m
              [33mclass[39m=[32m"flex flex-col gap-2"[39m
            [36m>[39m
              [36m<div[39m
                [33mclass[39m=[32m"flex items-center justify-between"[39m
              [36m>[39m
                [36m<label[39m
                  [33mclass[39m=[32m"font-paragraph text-foreground uppercase tracking-wider font-semibold text-xs flex items-center gap-1.5"[39m
                  [33mfor[39m=[32m"post-description"[39m
                [36m>[39m
                  [36m<svg[39m
                    [33mclass[39m=[32m"text-accent text-sm"[39m
                    [33mfill[39m=[32m"none"[39m
                    [33mheight[39m=[32m"1em"[39m
                    [33mstroke[39m=[32m"currentColor"[39m
                    [33mstroke-linecap[39m=[32m"round"[39m
                    [33mstroke-linejoin[39m=[32m"round"[39m
                    [33mstroke-width[39m=[32m"2"[39m
                    [33mviewBox[39m=[32m"0 0 24 24"[39m
                    [33mwidth[39m=[32m"1em"[39m
                    [33mxmlns[39m=[32m"http://www.w3.org/2000/svg"[39m
                  [36m>[39m
                    [36m<path[39m
                      [33md[39m=[32m"M15 12H3"[39m
                    [36m/>[39m
                    [36m<path[39m
                      [33md[39m=[32m"M17 18H3"[39m
                    [36m/>[39m
                    [36m<path[39m
                      [33md[39m=[32m"M21 6H3"[39m
                    [36m/>[39m
                  [36m</svg>[39m
                  [0mDescription / Excerpt [0m
                  [36m<span[39m
                    [33mclass[39m=[32m"text-accent"[39m
                  [36m>[39m
                    [0m*[0m
                  [36m</span>[39m
                [36m</label>[39m
                [36m<span[39m
                  [33mclass[39m=[32m"text-xs font-paragraph text-muted-foreground"[39m
                [36m>[39m
                  [0mRecommended: 120-160 characters[0m
                [36m</span>[39m
              [36m</div>[39m
              [36m<textarea[39m
                [33mclass[39m=[32m"flex w-full text-sm font-normal outline-none focus:outline-none focus-visible:outline-none disabled:cursor-not-allowed disabled:opacity-50 rounded-xs transition-colors duration-150 bg-input-background text-foreground p-3 border border-border placeholder:text-muted-foreground focus-visible:border-accent resize-y min-h-25 font-paragraph"[39m
                [33mid[39m=[32m"post-description"[39m
                [33mname[39m=[32m"description"[39m
                [33mplaceholder[39m=[32m"Provide a compelling summary that will entice readers to read the full article..."[39m
                [33mrows[39m=[32m"3"[39m
              [36m/>[39m
              [36m<p[39m
                [33mclass[39m=[32m"text-xs text-muted-foreground"[39m
              [36m>[39m
                [0mThis excerpt appears in post cards, search result listings, and soci...
 ❯ waitForWrapper node_modules/@testing-library/dom/dist/wait-for.js:163:27
 ❯ node_modules/@testing-library/dom/dist/query-helpers.js:86:33
 ❯ src/tests/pages/CreatePost/createPost.test.tsx:365:22
    363|
    364|       expect(
    365|         await screen.findByRole('heading', { name: /post detail page/i…
       |                      ^
    366|       ).toBeInTheDocument();
    367|       expect(screen.getByTestId('target-post-id')).toHaveTextContent('…

⎯⎯⎯⎯⎯⎯⎯⎯⎯⎯⎯⎯⎯⎯⎯⎯⎯⎯⎯⎯⎯⎯⎯⎯[1/1]⎯


 Test Files  1 failed (1)
      Tests  1 failed | 11 skipped (12)
   Start at  15:04:03
   Duration  4.84s (transform 405ms, setup 525ms, import 806ms, tests 2.45s, environment 838ms)

